Opens https://agentclash.dev/runs/<id> in your default browser.

In non-interactive environments (no TTY, --json, CI=true, etc.) this
command prints the URL to stdout and exits 0 — handy for piping to other
tools in CI.

Usage:
  agentclash run open <run-id> [flags]

Flags:
  -h, --help   help for open

Global Flags:
      --api-url string     API base URL (overrides config)
      --json               Output in JSON format
      --no-color           Disable color output
      --non-interactive    Disable interactive prompts (also honored: CI=true, AGENTCLASH_NON_INTERACTIVE=1, --json, no TTY)
  -o, --output string      Output format: table, json, yaml
  -q, --quiet              Suppress non-essential output
  -v, --verbose            Enable debug output on stderr
  -w, --workspace string   Workspace ID (overrides config)
      --yes                Skip confirmation prompts
