Upload and download artifacts

Usage:
  agentclash artifact [command]

Available Commands:
  download    Download an artifact
  upload      Upload an artifact

Flags:
  -h, --help   help for artifact

Global Flags:
      --api-url string     API base URL (overrides config)
      --json               Output in JSON format
      --no-color           Disable color output
      --non-interactive    Disable interactive prompts (also honored: CI=true, AGENTCLASH_NON_INTERACTIVE=1, --json, no TTY)
  -o, --output string      Output format: table, json, yaml
  -q, --quiet              Suppress non-essential output
  -v, --verbose            Enable debug output on stderr
  -w, --workspace string   Workspace ID (overrides config)
      --yes                Skip confirmation prompts

Use "agentclash artifact [command] --help" for more information about a command.
