Generate the autocompletion script for powershell.

To load completions in your current shell session:

	agentclash completion powershell | Out-String | Invoke-Expression

To load completions for every new session, add the output of the above command
to your powershell profile.

Usage:
  agentclash completion powershell [flags]

Flags:
  -h, --help              help for powershell
      --no-descriptions   disable completion descriptions

Global Flags:
      --api-url string     API base URL (overrides config)
      --json               Output in JSON format
      --no-color           Disable color output
      --non-interactive    Disable interactive prompts (also honored: CI=true, AGENTCLASH_NON_INTERACTIVE=1, --json, no TTY)
  -o, --output string      Output format: table, json, yaml
  -q, --quiet              Suppress non-essential output
  -v, --verbose            Enable debug output on stderr
  -w, --workspace string   Workspace ID (overrides config)
      --yes                Skip confirmation prompts
