Downloads an artifact. Outputs to stdout by default (pipeable).
Use -O to save to a file.

Usage:
  agentclash artifact download <artifactId> [flags]

Flags:
  -h, --help            help for download
  -O, --output string   Output file path (defaults to stdout)

Global Flags:
      --api-url string     API base URL (overrides config)
      --json               Output in JSON format
      --no-color           Disable color output
      --non-interactive    Disable interactive prompts (also honored: CI=true, AGENTCLASH_NON_INTERACTIVE=1, --json, no TTY)
  -q, --quiet              Suppress non-essential output
  -v, --verbose            Enable debug output on stderr
  -w, --workspace string   Workspace ID (overrides config)
      --yes                Skip confirmation prompts
